{
    "test_table_init": {
      "num_columns": 4,
      "columns_max": [11, 9, 13, 18]
    },

    "test_headers_update": {
      "num_columns": 2,
      "columns_max": [13, 18]
    },

    "test_data_update": {
      "num_columns": 4,
      "columns_max": [18, 13, 7, 11]
    },

    "test_data_addition": {
      "num_columns": 4,
      "columns_max": [18, 9, 19, 18]
    },

    "test_getitem": {
      "first_row": ["Andorra", 3040051, "les Escaldes", "Escaldes-Engordany"],
      "third_row_second_col": 1133574
    },

    "test_table_content_init": {
      "0": ["Andorra", 3040051, "les Escaldes", "Escaldes-Engordany"],
      "1": ["Afghanistan", 1120985, "Zaranj", "Nīmrūz"],
      "8": ["Angola", 3347939, "Lobito", "Benguela"],
      "12": ["Argentina", 3435038, "Dolores", "Buenos Aires"],
      "13": ["Argentina", 3832647, "Villa Regina", "Rio Negro"]
    },

    "test_table_content_add": {
      "0": ["Andorra", 3040051, "les Escaldes", "Escaldes-Engordany"],
      "1": ["Afghanistan", 1120985, "Zaranj", "Nīmrūz"],
      "8": ["Angola", 3347939, "Lobito", "Benguela"],
      "13": ["Argentina", 3832647, "Villa Regina", "Rio Negro"],
      "14": ["New Heaven", 0, "Resistance", "Earth"]
    },

    "test_table_content_filter": {
      "0": ["Andorra", 3040051, "les Escaldes", "Escaldes-Engordany"],
      "1": ["Afghanistan", 1120985, "Zaranj", "Nīmrūz"],
      "8": ["Angola", 3347939, "Lobito", "Benguela"],
      "12": ["Argentina", 3435038, "Dolores", "Buenos Aires"],
      "13": ["Argentina", 3832647, "Villa Regina", "Rio Negro"]
    },

    "test_load_json": {
      "num_columns": 4,
      "columns_max": [8, 3, 7, 15],
      "num_rows": 6,
      "column_data": {
        "Name": ["John", "Miquel", "Gregor", "Karl", "Catalina", "Juliette"],
        "Age": [33, 42, 39, 12, 30, 25],
        "Country": ["EEUU", "France", "England", "Germany", "Russia", "Italy"],
        "Infection level": ["12%", "0%", "68%", "6%", "22%", "0%"]
      }
    }
}
